// Jest Snapshot v1, https://goo.gl/fbAQLP

exports[`src/components/Form should display an error if  1`] = `
ShallowWrapper {
  Symbol(enzyme.__root__): [Circular],
  Symbol(enzyme.__unrendered__): <Form
    fetchMessages={[MockFunction]}
    isFailure={false}
    postMessage={[MockFunction]}
    username="yvln"
  />,
  Symbol(enzyme.__renderer__): Object {
    "batchedUpdates": [Function],
    "checkPropTypes": [Function],
    "getNode": [Function],
    "render": [Function],
    "simulateError": [Function],
    "simulateEvent": [Function],
    "unmount": [Function],
  },
  Symbol(enzyme.__node__): Object {
    "instance": null,
    "key": undefined,
    "nodeType": "function",
    "props": Object {
      "children": <div
        className="Form"
      >
        <div>
          yvln
        </div>
        <form>
          <TextArea
            onChange={[Function]}
            onKeyDown={[Function]}
            value=""
          />
          <div
            className="Form-clickable"
          >
            <Select
              onChange={[Function]}
              options={
                Array [
                  Object {
                    "label": "Public",
                    "value": "public",
                  },
                  Object {
                    "label": "Private",
                    "value": "private",
                  },
                ]
              }
            />
            <Button
              onClick={[Function]}
            >
              <Svg
                height={15}
                name="arrowRight"
                width={15}
              />
            </Button>
          </div>
        </form>
      </div>,
    },
    "ref": null,
    "rendered": Object {
      "instance": null,
      "key": undefined,
      "nodeType": "host",
      "props": Object {
        "children": Array [
          <div>
            yvln
          </div>,
          <form>
            <TextArea
              onChange={[Function]}
              onKeyDown={[Function]}
              value=""
            />
            <div
              className="Form-clickable"
            >
              <Select
                onChange={[Function]}
                options={
                  Array [
                    Object {
                      "label": "Public",
                      "value": "public",
                    },
                    Object {
                      "label": "Private",
                      "value": "private",
                    },
                  ]
                }
              />
              <Button
                onClick={[Function]}
              >
                <Svg
                  height={15}
                  name="arrowRight"
                  width={15}
                />
              </Button>
            </div>
          </form>,
        ],
        "className": "Form",
      },
      "ref": null,
      "rendered": Array [
        Object {
          "instance": null,
          "key": undefined,
          "nodeType": "host",
          "props": Object {
            "children": "yvln",
          },
          "ref": null,
          "rendered": "yvln",
          "type": "div",
        },
        Object {
          "instance": null,
          "key": undefined,
          "nodeType": "host",
          "props": Object {
            "children": Array [
              <TextArea
                onChange={[Function]}
                onKeyDown={[Function]}
                value=""
              />,
              false,
              <div
                className="Form-clickable"
              >
                <Select
                  onChange={[Function]}
                  options={
                    Array [
                      Object {
                        "label": "Public",
                        "value": "public",
                      },
                      Object {
                        "label": "Private",
                        "value": "private",
                      },
                    ]
                  }
                />
                <Button
                  onClick={[Function]}
                >
                  <Svg
                    height={15}
                    name="arrowRight"
                    width={15}
                  />
                </Button>
              </div>,
            ],
          },
          "ref": null,
          "rendered": Array [
            Object {
              "instance": null,
              "key": undefined,
              "nodeType": "function",
              "props": Object {
                "onChange": [Function],
                "onKeyDown": [Function],
                "value": "",
              },
              "ref": null,
              "rendered": null,
              "type": [Function],
            },
            false,
            Object {
              "instance": null,
              "key": undefined,
              "nodeType": "host",
              "props": Object {
                "children": Array [
                  <Select
                    onChange={[Function]}
                    options={
                      Array [
                        Object {
                          "label": "Public",
                          "value": "public",
                        },
                        Object {
                          "label": "Private",
                          "value": "private",
                        },
                      ]
                    }
                  />,
                  <Button
                    onClick={[Function]}
                  >
                    <Svg
                      height={15}
                      name="arrowRight"
                      width={15}
                    />
                  </Button>,
                ],
                "className": "Form-clickable",
              },
              "ref": null,
              "rendered": Array [
                Object {
                  "instance": null,
                  "key": undefined,
                  "nodeType": "class",
                  "props": Object {
                    "onChange": [Function],
                    "options": Array [
                      Object {
                        "label": "Public",
                        "value": "public",
                      },
                      Object {
                        "label": "Private",
                        "value": "private",
                      },
                    ],
                  },
                  "ref": null,
                  "rendered": null,
                  "type": [Function],
                },
                Object {
                  "instance": null,
                  "key": undefined,
                  "nodeType": "function",
                  "props": Object {
                    "children": <Svg
                      height={15}
                      name="arrowRight"
                      width={15}
                    />,
                    "onClick": [Function],
                  },
                  "ref": null,
                  "rendered": Object {
                    "instance": null,
                    "key": undefined,
                    "nodeType": "function",
                    "props": Object {
                      "height": 15,
                      "name": "arrowRight",
                      "width": 15,
                    },
                    "ref": null,
                    "rendered": null,
                    "type": [Function],
                  },
                  "type": [Function],
                },
              ],
              "type": "div",
            },
          ],
          "type": "form",
        },
      ],
      "type": "div",
    },
    "type": [Function],
  },
  Symbol(enzyme.__nodes__): Array [
    Object {
      "instance": null,
      "key": undefined,
      "nodeType": "function",
      "props": Object {
        "children": <div
          className="Form"
        >
          <div>
            yvln
          </div>
          <form>
            <TextArea
              onChange={[Function]}
              onKeyDown={[Function]}
              value=""
            />
            <div
              className="Form-clickable"
            >
              <Select
                onChange={[Function]}
                options={
                  Array [
                    Object {
                      "label": "Public",
                      "value": "public",
                    },
                    Object {
                      "label": "Private",
                      "value": "private",
                    },
                  ]
                }
              />
              <Button
                onClick={[Function]}
              >
                <Svg
                  height={15}
                  name="arrowRight"
                  width={15}
                />
              </Button>
            </div>
          </form>
        </div>,
      },
      "ref": null,
      "rendered": Object {
        "instance": null,
        "key": undefined,
        "nodeType": "host",
        "props": Object {
          "children": Array [
            <div>
              yvln
            </div>,
            <form>
              <TextArea
                onChange={[Function]}
                onKeyDown={[Function]}
                value=""
              />
              <div
                className="Form-clickable"
              >
                <Select
                  onChange={[Function]}
                  options={
                    Array [
                      Object {
                        "label": "Public",
                        "value": "public",
                      },
                      Object {
                        "label": "Private",
                        "value": "private",
                      },
                    ]
                  }
                />
                <Button
                  onClick={[Function]}
                >
                  <Svg
                    height={15}
                    name="arrowRight"
                    width={15}
                  />
                </Button>
              </div>
            </form>,
          ],
          "className": "Form",
        },
        "ref": null,
        "rendered": Array [
          Object {
            "instance": null,
            "key": undefined,
            "nodeType": "host",
            "props": Object {
              "children": "yvln",
            },
            "ref": null,
            "rendered": "yvln",
            "type": "div",
          },
          Object {
            "instance": null,
            "key": undefined,
            "nodeType": "host",
            "props": Object {
              "children": Array [
                <TextArea
                  onChange={[Function]}
                  onKeyDown={[Function]}
                  value=""
                />,
                false,
                <div
                  className="Form-clickable"
                >
                  <Select
                    onChange={[Function]}
                    options={
                      Array [
                        Object {
                          "label": "Public",
                          "value": "public",
                        },
                        Object {
                          "label": "Private",
                          "value": "private",
                        },
                      ]
                    }
                  />
                  <Button
                    onClick={[Function]}
                  >
                    <Svg
                      height={15}
                      name="arrowRight"
                      width={15}
                    />
                  </Button>
                </div>,
              ],
            },
            "ref": null,
            "rendered": Array [
              Object {
                "instance": null,
                "key": undefined,
                "nodeType": "function",
                "props": Object {
                  "onChange": [Function],
                  "onKeyDown": [Function],
                  "value": "",
                },
                "ref": null,
                "rendered": null,
                "type": [Function],
              },
              false,
              Object {
                "instance": null,
                "key": undefined,
                "nodeType": "host",
                "props": Object {
                  "children": Array [
                    <Select
                      onChange={[Function]}
                      options={
                        Array [
                          Object {
                            "label": "Public",
                            "value": "public",
                          },
                          Object {
                            "label": "Private",
                            "value": "private",
                          },
                        ]
                      }
                    />,
                    <Button
                      onClick={[Function]}
                    >
                      <Svg
                        height={15}
                        name="arrowRight"
                        width={15}
                      />
                    </Button>,
                  ],
                  "className": "Form-clickable",
                },
                "ref": null,
                "rendered": Array [
                  Object {
                    "instance": null,
                    "key": undefined,
                    "nodeType": "class",
                    "props": Object {
                      "onChange": [Function],
                      "options": Array [
                        Object {
                          "label": "Public",
                          "value": "public",
                        },
                        Object {
                          "label": "Private",
                          "value": "private",
                        },
                      ],
                    },
                    "ref": null,
                    "rendered": null,
                    "type": [Function],
                  },
                  Object {
                    "instance": null,
                    "key": undefined,
                    "nodeType": "function",
                    "props": Object {
                      "children": <Svg
                        height={15}
                        name="arrowRight"
                        width={15}
                      />,
                      "onClick": [Function],
                    },
                    "ref": null,
                    "rendered": Object {
                      "instance": null,
                      "key": undefined,
                      "nodeType": "function",
                      "props": Object {
                        "height": 15,
                        "name": "arrowRight",
                        "width": 15,
                      },
                      "ref": null,
                      "rendered": null,
                      "type": [Function],
                    },
                    "type": [Function],
                  },
                ],
                "type": "div",
              },
            ],
            "type": "form",
          },
        ],
        "type": "div",
      },
      "type": [Function],
    },
  ],
  Symbol(enzyme.__options__): Object {
    "adapter": ReactSixteenAdapter {
      "options": Object {
        "enableComponentDidUpdateOnSetState": true,
        "legacyContextMode": "parent",
        "lifecycles": Object {
          "componentDidUpdate": Object {
            "onSetState": true,
          },
          "getChildContext": Object {
            "calledByRenderer": false,
          },
          "getDerivedStateFromProps": Object {
            "hasShouldComponentUpdateBug": false,
          },
          "getSnapshotBeforeUpdate": true,
          "setState": Object {
            "skipsComponentDidUpdateOnNullish": true,
          },
        },
      },
    },
  },
  Symbol(enzyme.__childContext__): null,
}
`;

exports[`src/components/Form should render 1`] = `
ShallowWrapper {
  Symbol(enzyme.__root__): [Circular],
  Symbol(enzyme.__unrendered__): <Form
    fetchMessages={[MockFunction]}
    isFailure={false}
    postMessage={[MockFunction]}
    username="yvln"
  />,
  Symbol(enzyme.__renderer__): Object {
    "batchedUpdates": [Function],
    "checkPropTypes": [Function],
    "getNode": [Function],
    "render": [Function],
    "simulateError": [Function],
    "simulateEvent": [Function],
    "unmount": [Function],
  },
  Symbol(enzyme.__node__): Object {
    "instance": null,
    "key": undefined,
    "nodeType": "function",
    "props": Object {
      "children": <div
        className="Form"
      >
        <div>
          yvln
        </div>
        <form>
          <TextArea
            onChange={[Function]}
            onKeyDown={[Function]}
            value=""
          />
          <div
            className="Form-clickable"
          >
            <Select
              onChange={[Function]}
              options={
                Array [
                  Object {
                    "label": "Public",
                    "value": "public",
                  },
                  Object {
                    "label": "Private",
                    "value": "private",
                  },
                ]
              }
            />
            <Button
              onClick={[Function]}
            >
              <Svg
                height={15}
                name="arrowRight"
                width={15}
              />
            </Button>
          </div>
        </form>
      </div>,
    },
    "ref": null,
    "rendered": Object {
      "instance": null,
      "key": undefined,
      "nodeType": "host",
      "props": Object {
        "children": Array [
          <div>
            yvln
          </div>,
          <form>
            <TextArea
              onChange={[Function]}
              onKeyDown={[Function]}
              value=""
            />
            <div
              className="Form-clickable"
            >
              <Select
                onChange={[Function]}
                options={
                  Array [
                    Object {
                      "label": "Public",
                      "value": "public",
                    },
                    Object {
                      "label": "Private",
                      "value": "private",
                    },
                  ]
                }
              />
              <Button
                onClick={[Function]}
              >
                <Svg
                  height={15}
                  name="arrowRight"
                  width={15}
                />
              </Button>
            </div>
          </form>,
        ],
        "className": "Form",
      },
      "ref": null,
      "rendered": Array [
        Object {
          "instance": null,
          "key": undefined,
          "nodeType": "host",
          "props": Object {
            "children": "yvln",
          },
          "ref": null,
          "rendered": "yvln",
          "type": "div",
        },
        Object {
          "instance": null,
          "key": undefined,
          "nodeType": "host",
          "props": Object {
            "children": Array [
              <TextArea
                onChange={[Function]}
                onKeyDown={[Function]}
                value=""
              />,
              false,
              <div
                className="Form-clickable"
              >
                <Select
                  onChange={[Function]}
                  options={
                    Array [
                      Object {
                        "label": "Public",
                        "value": "public",
                      },
                      Object {
                        "label": "Private",
                        "value": "private",
                      },
                    ]
                  }
                />
                <Button
                  onClick={[Function]}
                >
                  <Svg
                    height={15}
                    name="arrowRight"
                    width={15}
                  />
                </Button>
              </div>,
            ],
          },
          "ref": null,
          "rendered": Array [
            Object {
              "instance": null,
              "key": undefined,
              "nodeType": "function",
              "props": Object {
                "onChange": [Function],
                "onKeyDown": [Function],
                "value": "",
              },
              "ref": null,
              "rendered": null,
              "type": [Function],
            },
            false,
            Object {
              "instance": null,
              "key": undefined,
              "nodeType": "host",
              "props": Object {
                "children": Array [
                  <Select
                    onChange={[Function]}
                    options={
                      Array [
                        Object {
                          "label": "Public",
                          "value": "public",
                        },
                        Object {
                          "label": "Private",
                          "value": "private",
                        },
                      ]
                    }
                  />,
                  <Button
                    onClick={[Function]}
                  >
                    <Svg
                      height={15}
                      name="arrowRight"
                      width={15}
                    />
                  </Button>,
                ],
                "className": "Form-clickable",
              },
              "ref": null,
              "rendered": Array [
                Object {
                  "instance": null,
                  "key": undefined,
                  "nodeType": "class",
                  "props": Object {
                    "onChange": [Function],
                    "options": Array [
                      Object {
                        "label": "Public",
                        "value": "public",
                      },
                      Object {
                        "label": "Private",
                        "value": "private",
                      },
                    ],
                  },
                  "ref": null,
                  "rendered": null,
                  "type": [Function],
                },
                Object {
                  "instance": null,
                  "key": undefined,
                  "nodeType": "function",
                  "props": Object {
                    "children": <Svg
                      height={15}
                      name="arrowRight"
                      width={15}
                    />,
                    "onClick": [Function],
                  },
                  "ref": null,
                  "rendered": Object {
                    "instance": null,
                    "key": undefined,
                    "nodeType": "function",
                    "props": Object {
                      "height": 15,
                      "name": "arrowRight",
                      "width": 15,
                    },
                    "ref": null,
                    "rendered": null,
                    "type": [Function],
                  },
                  "type": [Function],
                },
              ],
              "type": "div",
            },
          ],
          "type": "form",
        },
      ],
      "type": "div",
    },
    "type": [Function],
  },
  Symbol(enzyme.__nodes__): Array [
    Object {
      "instance": null,
      "key": undefined,
      "nodeType": "function",
      "props": Object {
        "children": <div
          className="Form"
        >
          <div>
            yvln
          </div>
          <form>
            <TextArea
              onChange={[Function]}
              onKeyDown={[Function]}
              value=""
            />
            <div
              className="Form-clickable"
            >
              <Select
                onChange={[Function]}
                options={
                  Array [
                    Object {
                      "label": "Public",
                      "value": "public",
                    },
                    Object {
                      "label": "Private",
                      "value": "private",
                    },
                  ]
                }
              />
              <Button
                onClick={[Function]}
              >
                <Svg
                  height={15}
                  name="arrowRight"
                  width={15}
                />
              </Button>
            </div>
          </form>
        </div>,
      },
      "ref": null,
      "rendered": Object {
        "instance": null,
        "key": undefined,
        "nodeType": "host",
        "props": Object {
          "children": Array [
            <div>
              yvln
            </div>,
            <form>
              <TextArea
                onChange={[Function]}
                onKeyDown={[Function]}
                value=""
              />
              <div
                className="Form-clickable"
              >
                <Select
                  onChange={[Function]}
                  options={
                    Array [
                      Object {
                        "label": "Public",
                        "value": "public",
                      },
                      Object {
                        "label": "Private",
                        "value": "private",
                      },
                    ]
                  }
                />
                <Button
                  onClick={[Function]}
                >
                  <Svg
                    height={15}
                    name="arrowRight"
                    width={15}
                  />
                </Button>
              </div>
            </form>,
          ],
          "className": "Form",
        },
        "ref": null,
        "rendered": Array [
          Object {
            "instance": null,
            "key": undefined,
            "nodeType": "host",
            "props": Object {
              "children": "yvln",
            },
            "ref": null,
            "rendered": "yvln",
            "type": "div",
          },
          Object {
            "instance": null,
            "key": undefined,
            "nodeType": "host",
            "props": Object {
              "children": Array [
                <TextArea
                  onChange={[Function]}
                  onKeyDown={[Function]}
                  value=""
                />,
                false,
                <div
                  className="Form-clickable"
                >
                  <Select
                    onChange={[Function]}
                    options={
                      Array [
                        Object {
                          "label": "Public",
                          "value": "public",
                        },
                        Object {
                          "label": "Private",
                          "value": "private",
                        },
                      ]
                    }
                  />
                  <Button
                    onClick={[Function]}
                  >
                    <Svg
                      height={15}
                      name="arrowRight"
                      width={15}
                    />
                  </Button>
                </div>,
              ],
            },
            "ref": null,
            "rendered": Array [
              Object {
                "instance": null,
                "key": undefined,
                "nodeType": "function",
                "props": Object {
                  "onChange": [Function],
                  "onKeyDown": [Function],
                  "value": "",
                },
                "ref": null,
                "rendered": null,
                "type": [Function],
              },
              false,
              Object {
                "instance": null,
                "key": undefined,
                "nodeType": "host",
                "props": Object {
                  "children": Array [
                    <Select
                      onChange={[Function]}
                      options={
                        Array [
                          Object {
                            "label": "Public",
                            "value": "public",
                          },
                          Object {
                            "label": "Private",
                            "value": "private",
                          },
                        ]
                      }
                    />,
                    <Button
                      onClick={[Function]}
                    >
                      <Svg
                        height={15}
                        name="arrowRight"
                        width={15}
                      />
                    </Button>,
                  ],
                  "className": "Form-clickable",
                },
                "ref": null,
                "rendered": Array [
                  Object {
                    "instance": null,
                    "key": undefined,
                    "nodeType": "class",
                    "props": Object {
                      "onChange": [Function],
                      "options": Array [
                        Object {
                          "label": "Public",
                          "value": "public",
                        },
                        Object {
                          "label": "Private",
                          "value": "private",
                        },
                      ],
                    },
                    "ref": null,
                    "rendered": null,
                    "type": [Function],
                  },
                  Object {
                    "instance": null,
                    "key": undefined,
                    "nodeType": "function",
                    "props": Object {
                      "children": <Svg
                        height={15}
                        name="arrowRight"
                        width={15}
                      />,
                      "onClick": [Function],
                    },
                    "ref": null,
                    "rendered": Object {
                      "instance": null,
                      "key": undefined,
                      "nodeType": "function",
                      "props": Object {
                        "height": 15,
                        "name": "arrowRight",
                        "width": 15,
                      },
                      "ref": null,
                      "rendered": null,
                      "type": [Function],
                    },
                    "type": [Function],
                  },
                ],
                "type": "div",
              },
            ],
            "type": "form",
          },
        ],
        "type": "div",
      },
      "type": [Function],
    },
  ],
  Symbol(enzyme.__options__): Object {
    "adapter": ReactSixteenAdapter {
      "options": Object {
        "enableComponentDidUpdateOnSetState": true,
        "legacyContextMode": "parent",
        "lifecycles": Object {
          "componentDidUpdate": Object {
            "onSetState": true,
          },
          "getChildContext": Object {
            "calledByRenderer": false,
          },
          "getDerivedStateFromProps": Object {
            "hasShouldComponentUpdateBug": false,
          },
          "getSnapshotBeforeUpdate": true,
          "setState": Object {
            "skipsComponentDidUpdateOnNullish": true,
          },
        },
      },
    },
  },
  Symbol(enzyme.__childContext__): null,
}
`;
